A:
$ gp --list
Warning: no keys given, using default test key 404142434445464748494A4B4C4D4E4F
ISD: A000000003000000 (OP_READY)
     Privs:   SecurityDomain, CardLock, CardTerminate, CardReset, CVMManagement

APP: 73696D706C656170706C6574 (SELECTABLE)
     Privs:

APP: D15600000030314301 (SELECTABLE)
     Privs:   CardReset

APP: 00112233445566778899BB (SELECTABLE)
     Privs:

PKG: D1560000004170706C6574 (LOADED)
     Version: 1.0
     Applet:  D156000000303143

PKG: 73696D706C65 (LOADED)
     Version: 0.0
     Applet:  73696D706C656170706C6574

PKG: 0011223344 (LOADED)
     Version: 0.0
     Applet:  00112233445566778899BB

PKG: A0000000AA4401 (LOADED)
     Version: 1.0

PKG: A0000000AA (LOADED)
     Version: 0.0
     Applet:  A0000000AA4401

PKG: 0000000001 (LOADED)
     Version: 0.0
     Applet:  000000000102
$ gp --delete A0000000AA
Warning: no keys given, using default test key 404142434445464748494A4B4C4D4E4F
Could not delete AID: A0000000AA
Deletion not allowed. Some app still active?
gp --delete A0000000AA4401
Warning: no keys given, using default test key 404142434445464748494A4B4C4D4E4F
Could not delete AID: A0000000AA4401
Deletion not allowed. Some app still active?

--delete, --uninstall does not work


B:
$ gp --emv --list
Warning: no keys given, using default test key 404142434445464748494A4B4C4D4E4F
[WARN] GlobalPlatform - GET STATUS failed for 80F21000024F0000 with 0x6A81 (Function not supported e.g. card Life Cycle State is CARD_LOCKED)
ISD: A000000003000000 (INITIALIZED)
     Privs:   SecurityDomain, CardLock, CardTerminate, CardReset, CVMManagement

APP: 4D50434170706C657431 (SELECTABLE)
     Privs:

PKG: 4D50434170706C6574 (LOADED)

$ gp --emv --uninstall com.array-metadata-manipulation-malicious
Warning: no keys given, using default test key 404142434445464748494A4B4C4D4E4F
[WARN] GlobalPlatform - GET STATUS failed for 80F21000024F0000 with 0x6A81 (Function not supported e.g. card Life Cycle State is CARD_LOCKED)
A0000000AA5501 deleted.



C:
$ gp --list
Warning: no keys given, using default test key 404142434445464748494A4B4C4D4E4F
ISD: A000000003000000 (OP_READY)
     Privs:   SecurityDomain, CardLock, CardTerminate, CardReset, CVMManagement

PKG: A0000000035350 (LOADED)
     Version: 2.3
     Applet:  A0000001510000
     Applet:  A000000003535041
     Applet:  A0000000030000

$ make install
java -jar "/home/qup/projects/fi/crocs/GlobalPlatformPro/gp.jar" --force --install "type_confusion".cap --verbose --debug
GlobalPlatformPro 18.09.14-8-gf38abc7
Running on Linux 4.18.0-25-generic amd64, Java 1.8.0_191 by Oracle Corporation
# Detected readers from JNA2PCSC
[*] Alcor Micro AU9560 00 00
SCardConnect("Alcor Micro AU9560 00 00", T=*) -> T=0, 3B7B1800000031C06477E30300829000
SCardBeginTransaction("Alcor Micro AU9560 00 00")
Reader: Alcor Micro AU9560 00 00
ATR: 3B7B1800000031C06477E30300829000
More information about your card:
    http://smartcard-atr.appspot.com/parse?ATR=3B7B1800000031C06477E30300829000

A>> T=0 (4+0000) 00A40400 00
A<< (0112+2) (47ms) 6F6E8408A000000003000000A562732F06072A864886FC6B01600C060A2A864886FC6B02020101630906072A864886FC6B03640B06092A864886FC6B0401059F6E2A2050500040414091005F71580000033200001912715819137158000000000000000000000000000000009F6501FF 9000
Warning: no keys given, using default test key 404142434445464748494A4B4C4D4E4F
A>> T=0 (4+0008) 80500000 08 84C5E4F7626B607A 00
A<< (0028+2) (67ms) 00007158000003320000FF0194ED009F1F32A8AF30BAFEAED8C75203 9000
A>> T=0 (4+0016) 84820100 10 AEC59BDEEF9F350CE744707D593B9948
A<< (0000+2) (40ms) 9000
CAP file (v2.1), contains: applets for JavaCard 2.2.2
Package: type_confusion A0000000AA v0.0
Import: javacard.framework A0000000620101 v1.3
Import: java.lang A0000000620001 v1.0
Applet: A0000000AA5501
Generated by Sun Microsystems Inc. converter 1.3
On Fri Nov 08 00:07:53 CET 2019 with JDK 1.8.0_191 (Oracle Corporation)
Total code size: 345 bytes (485 with debug)
SHA256 (code): E572E5A8C6D9CBD6DC154F16A9AB0E7454D53BB2BC7ACFD3F65A5B56F2CDDE11
SHA1   (code): 183BCE3949F9F882A2D006D5A021412A5098F09A
A>> T=0 (4+0010) 84F28002 0A 4F006472EB0987E0C03E 00
A<< (0019+2) (35ms) E3114F08A0000000030000009F700101C5019E 9000
A>> T=0 (4+0010) 84F24002 0A 4F0020ECEA51AF8CF099 00
A<< (0000+2) (31ms) 6A88
A>> T=0 (4+0010) 84F22002 0A 4F00892D3370047B22A4 00
A<< (0022+2) (45ms) E3144F07A00000000353509F700101C50100CE020203 9000
A>> T=0 (4+0010) 84F21002 0A 4F003A098871B23637CD 00
A<< (0050+2) (52ms) E3304F07A00000000353509F700101C50100CE0202038407A00000015100008408A0000000035350418407A0000000030000 9000
A>> T=0 (4+0026) 84E60200 1A 05A0000000AA08A00000000300000000000083324DF2B4793730
A<< (0001+2) (158ms) 00 9000
A>> T=0 (4+0255) 84E80000 FF C482015901000FDECAFFED010204000005A0000000AA02001F000F001F000B00150036000C008E000A00160000008900000000000002010004001502030107A0000000620101000107A000000062000103000B0107A0000000AA5501000106000C00800302000207010000003607008E0005308F00043D181D1E8C00033B7A0540188C00021807900B3D03107F383D0402383D0504383D060338870018AD008701188B00057A0325198B00062806188B000760037A1506032510A06A08116E008D0008150604257500280001FFB4000918AD008D000907418D000A8701150603AD01928D000B3B1903058B000C7008116D008D00087A0147DBC6D18E19BA21
A<< (0000+2) (258ms) 6985
SCardEndTransaction(Alcor Micro AU9560 00 00)
SCardDisconnect("Alcor Micro AU9560 00 00", true)
